// Jest Snapshot v1, https://goo.gl/fbAQLP

exports[`Feed item component The component´s snapshot should exactly match 1`] = `
<div
  class="sc-bdvvtL iJtKIV"
>
  <img
    alt="Blank user"
    class="sc-gsDKAQ iirgEA"
    src="blank-user.png"
  />
  <div
    class="sc-dkPtRN hUnxIf"
  >
    <p
      class="sc-eCImPb cZwBKB"
    >
      @
      jõao
    </p>
    <p
      class="sc-hKwDye MUMnp"
    >
      A test
    </p>
    <p
      class="sc-jRQBWg kXWXTQ"
    >
      2021-11-12T18:22:12.720Z
    </p>
    <div
      class="sc-gKclnd ljuhmM"
    >
      <div>
        <button
          class="sc-iCfMLu sc-pVTFL hLUYxi dVdvxL"
        >
          <svg>
            like-icon.svg
          </svg>
        </button>
        <span>
          2 Likes
        </span>
      </div>
      <div>
        <button
          class="sc-iCfMLu sc-furwcr hLUYxi hEBSVL"
        >
          <svg>
            heart-icon-filled.svg
          </svg>
        </button>
        <span>
          1 Love
        </span>
      </div>
    </div>
  </div>
</div>
`;
